Archive member included to satisfy reference by file (symbol)

C:/ST/STM32CubeIDE_1.17.0/STM32CubeIDE/plugins/com.st.stm32cube.ide.mcu.externaltools.gnu-tools-for-stm32.12.3.rel1.win32_1.1.0.202410251130/tools/bin/../lib/gcc/arm-none-eabi/12.3.1/../../../../arm-none-eabi/lib/thumb/v7e-m/nofp\libc_nano.a(libc_a-exit.o)
                              C:/ST/STM32CubeIDE_1.17.0/STM32CubeIDE/plugins/com.st.stm32cube.ide.mcu.externaltools.gnu-tools-for-stm32.12.3.rel1.win32_1.1.0.202410251130/tools/bin/../lib/gcc/arm-none-eabi/12.3.1/../../../../arm-none-eabi/lib/thumb/v7e-m/nofp/crt0.o (exit)
C:/ST/STM32CubeIDE_1.17.0/STM32CubeIDE/plugins/com.st.stm32cube.ide.mcu.externaltools.gnu-tools-for-stm32.12.3.rel1.win32_1.1.0.202410251130/tools/bin/../lib/gcc/arm-none-eabi/12.3.1/../../../../arm-none-eabi/lib/thumb/v7e-m/nofp\libc_nano.a(libc_a-findfp.o)
                              C:/ST/STM32CubeIDE_1.17.0/STM32CubeIDE/plugins/com.st.stm32cube.ide.mcu.externaltools.gnu-tools-for-stm32.12.3.rel1.win32_1.1.0.202410251130/tools/bin/../lib/gcc/arm-none-eabi/12.3.1/../../../../arm-none-eabi/lib/thumb/v7e-m/nofp\libc_nano.a(libc_a-exit.o) (__stdio_exit_handler)
C:/ST/STM32CubeIDE_1.17.0/STM32CubeIDE/plugins/com.st.stm32cube.ide.mcu.externaltools.gnu-tools-for-stm32.12.3.rel1.win32_1.1.0.202410251130/tools/bin/../lib/gcc/arm-none-eabi/12.3.1/../../../../arm-none-eabi/lib/thumb/v7e-m/nofp\libc_nano.a(libc_a-fwalk.o)
                              C:/ST/STM32CubeIDE_1.17.0/STM32CubeIDE/plugins/com.st.stm32cube.ide.mcu.externaltools.gnu-tools-for-stm32.12.3.rel1.win32_1.1.0.202410251130/tools/bin/../lib/gcc/arm-none-eabi/12.3.1/../../../../arm-none-eabi/lib/thumb/v7e-m/nofp\libc_nano.a(libc_a-findfp.o) (_fwalk_sglue)
C:/ST/STM32CubeIDE_1.17.0/STM32CubeIDE/plugins/com.st.stm32cube.ide.mcu.externaltools.gnu-tools-for-stm32.12.3.rel1.win32_1.1.0.202410251130/tools/bin/../lib/gcc/arm-none-eabi/12.3.1/../../../../arm-none-eabi/lib/thumb/v7e-m/nofp\libc_nano.a(libc_a-stdio.o)
                              C:/ST/STM32CubeIDE_1.17.0/STM32CubeIDE/plugins/com.st.stm32cube.ide.mcu.externaltools.gnu-tools-for-stm32.12.3.rel1.win32_1.1.0.202410251130/tools/bin/../lib/gcc/arm-none-eabi/12.3.1/../../../../arm-none-eabi/lib/thumb/v7e-m/nofp\libc_nano.a(libc_a-findfp.o) (__sread)
C:/ST/STM32CubeIDE_1.17.0/STM32CubeIDE/plugins/com.st.stm32cube.ide.mcu.externaltools.gnu-tools-for-stm32.12.3.rel1.win32_1.1.0.202410251130/tools/bin/../lib/gcc/arm-none-eabi/12.3.1/../../../../arm-none-eabi/lib/thumb/v7e-m/nofp\libc_nano.a(libc_a-memset.o)
                              C:/ST/STM32CubeIDE_1.17.0/STM32CubeIDE/plugins/com.st.stm32cube.ide.mcu.externaltools.gnu-tools-for-stm32.12.3.rel1.win32_1.1.0.202410251130/tools/bin/../lib/gcc/arm-none-eabi/12.3.1/../../../../arm-none-eabi/lib/thumb/v7e-m/nofp/crt0.o (memset)
C:/ST/STM32CubeIDE_1.17.0/STM32CubeIDE/plugins/com.st.stm32cube.ide.mcu.externaltools.gnu-tools-for-stm32.12.3.rel1.win32_1.1.0.202410251130/tools/bin/../lib/gcc/arm-none-eabi/12.3.1/../../../../arm-none-eabi/lib/thumb/v7e-m/nofp\libc_nano.a(libc_a-closer.o)
                              C:/ST/STM32CubeIDE_1.17.0/STM32CubeIDE/plugins/com.st.stm32cube.ide.mcu.externaltools.gnu-tools-for-stm32.12.3.rel1.win32_1.1.0.202410251130/tools/bin/../lib/gcc/arm-none-eabi/12.3.1/../../../../arm-none-eabi/lib/thumb/v7e-m/nofp\libc_nano.a(libc_a-stdio.o) (_close_r)
C:/ST/STM32CubeIDE_1.17.0/STM32CubeIDE/plugins/com.st.stm32cube.ide.mcu.externaltools.gnu-tools-for-stm32.12.3.rel1.win32_1.1.0.202410251130/tools/bin/../lib/gcc/arm-none-eabi/12.3.1/../../../../arm-none-eabi/lib/thumb/v7e-m/nofp\libc_nano.a(libc_a-reent.o)
                              C:/ST/STM32CubeIDE_1.17.0/STM32CubeIDE/plugins/com.st.stm32cube.ide.mcu.externaltools.gnu-tools-for-stm32.12.3.rel1.win32_1.1.0.202410251130/tools/bin/../lib/gcc/arm-none-eabi/12.3.1/../../../../arm-none-eabi/lib/thumb/v7e-m/nofp\libc_nano.a(libc_a-closer.o) (errno)
C:/ST/STM32CubeIDE_1.17.0/STM32CubeIDE/plugins/com.st.stm32cube.ide.mcu.externaltools.gnu-tools-for-stm32.12.3.rel1.win32_1.1.0.202410251130/tools/bin/../lib/gcc/arm-none-eabi/12.3.1/../../../../arm-none-eabi/lib/thumb/v7e-m/nofp\libc_nano.a(libc_a-impure.o)
                              C:/ST/STM32CubeIDE_1.17.0/STM32CubeIDE/plugins/com.st.stm32cube.ide.mcu.externaltools.gnu-tools-for-stm32.12.3.rel1.win32_1.1.0.202410251130/tools/bin/../lib/gcc/arm-none-eabi/12.3.1/../../../../arm-none-eabi/lib/thumb/v7e-m/nofp\libc_nano.a(libc_a-reent.o) (_impure_ptr)
C:/ST/STM32CubeIDE_1.17.0/STM32CubeIDE/plugins/com.st.stm32cube.ide.mcu.externaltools.gnu-tools-for-stm32.12.3.rel1.win32_1.1.0.202410251130/tools/bin/../lib/gcc/arm-none-eabi/12.3.1/../../../../arm-none-eabi/lib/thumb/v7e-m/nofp\libc_nano.a(libc_a-lseekr.o)
[...]
Memory Configuration

Name             Origin             Length             Attributes
RAM              0x20000000         0x00010000         xrw
SRAM2            0x10000000         0x00004000         xrw
FLASH            0x08000000         0x00040000         xr
*default*        0x00000000         0xffffffff

Linker script and memory map

LOAD C:/ST/STM32CubeIDE_1.17.0/STM32CubeIDE/plugins/com.st.stm32cube.ide.mcu.externaltools.gnu-tools-for-stm32.12.3.rel1.win32_1.1.0.202410251130/tools/bin/../lib/gcc/arm-none-eabi/12.3.1/thumb/v7e-m/nofp/crti.o
LOAD C:/ST/STM32CubeIDE_1.17.0/STM32CubeIDE/plugins/com.st.stm32cube.ide.mcu.externaltools.gnu-tools-for-stm32.12.3.rel1.win32_1.1.0.202410251130/tools/bin/../lib/gcc/arm-none-eabi/12.3.1/thumb/v7e-m/nofp/crtbegin.o
LOAD C:/ST/STM32CubeIDE_1.17.0/STM32CubeIDE/plugins/com.st.stm32cube.ide.mcu.externaltools.gnu-tools-for-stm32.12.3.rel1.win32_1.1.0.202410251130/tools/bin/../lib/gcc/arm-none-eabi/12.3.1/../../../../arm-none-eabi/lib/thumb/v7e-m/nofp/crt0.o
LOAD ./Src/004button_trigger.o
LOAD ./Src/syscalls.o
LOAD ./Src/sysmem.o
LOAD ./Startup/startup_stm32l432kcux.o
LOAD ./drivers/Src/nucleo-l432kc_gpio_driver.o
START GROUP
LOAD C:/ST/STM32CubeIDE_1.17.0/STM32CubeIDE/plugins/com.st.stm32cube.ide.mcu.externaltools.gnu-tools-for-stm32.12.3.rel1.win32_1.1.0.202410251130/tools/bin/../lib/gcc/arm-none-eabi/12.3.1/../../../../arm-none-eabi/lib/thumb/v7e-m/nofp\libc_nano.a
LOAD C:/ST/STM32CubeIDE_1.17.0/STM32CubeIDE/plugins/com.st.stm32cube.ide.mcu.externaltools.gnu-tools-for-stm32.12.3.rel1.win32_1.1.0.202410251130/tools/bin/../lib/gcc/arm-none-eabi/12.3.1/../../../../arm-none-eabi/lib/thumb/v7e-m/nofp\libm.a
END GROUP
START GROUP
LOAD C:/ST/STM32CubeIDE_1.17.0/STM32CubeIDE/plugins/com.st.stm32cube.ide.mcu.externaltools.gnu-tools-for-stm32.12.3.rel1.win32_1.1.0.202410251130/tools/bin/../lib/gcc/arm-none-eabi/12.3.1/thumb/v7e-m/nofp\libgcc.a
LOAD C:/ST/STM32CubeIDE_1.17.0/STM32CubeIDE/plugins/com.st.stm32cube.ide.mcu.externaltools.gnu-tools-for-stm32.12.3.rel1.win32_1.1.0.202410251130/tools/bin/../lib/gcc/arm-none-eabi/12.3.1/../../../../arm-none-eabi/lib/thumb/v7e-m/nofp\libc_nano.a
END GROUP
START GROUP
LOAD C:/ST/STM32CubeIDE_1.17.0/STM32CubeIDE/plugins/com.st.stm32cube.ide.mcu.externaltools.gnu-tools-for-stm32.12.3.rel1.win32_1.1.0.202410251130/tools/bin/../lib/gcc/arm-none-eabi/12.3.1/thumb/v7e-m/nofp\libgcc.a
LOAD C:/ST/STM32CubeIDE_1.17.0/STM32CubeIDE/plugins/com.st.stm32cube.ide.mcu.externaltools.gnu-tools-for-stm32.12.3.rel1.win32_1.1.0.202410251130/tools/bin/../lib/gcc/arm-none-eabi/12.3.1/../../../../arm-none-eabi/lib/thumb/v7e-m/nofp\libc_nano.a
LOAD C:/ST/STM32CubeIDE_1.17.0/STM32CubeIDE/plugins/com.st.stm32cube.ide.mcu.externaltools.gnu-tools-for-stm32.12.3.rel1.win32_1.1.0.202410251130/tools/bin/../lib/gcc/arm-none-eabi/12.3.1/../../../../arm-none-eabi/lib/thumb/v7e-m/nofp\libnosys.a
END GROUP
START GROUP
LOAD C:/ST/STM32CubeIDE_1.17.0/STM32CubeIDE/plugins/com.st.stm32cube.ide.mcu.externaltools.gnu-tools-for-stm32.12.3.rel1.win32_1.1.0.202410251130/tools/bin/../lib/gcc/arm-none-eabi/12.3.1/thumb/v7e-m/nofp\libgcc.a
LOAD C:/ST/STM32CubeIDE_1.17.0/STM32CubeIDE/plugins/com.st.stm32cube.ide.mcu.externaltools.gnu-tools-for-stm32.12.3.rel1.win32_1.1.0.202410251130/tools/bin/../lib/gcc/arm-none-eabi/12.3.1/../../../../arm-none-eabi/lib/thumb/v7e-m/nofp\libc_nano.a
LOAD C:/ST/STM32CubeIDE_1.17.0/STM32CubeIDE/plugins/com.st.stm32cube.ide.mcu.externaltools.gnu-tools-for-stm32.12.3.rel1.win32_1.1.0.202410251130/tools/bin/../lib/gcc/arm-none-eabi/12.3.1/../../../../arm-none-eabi/lib/thumb/v7e-m/nofp\libnosys.a
END GROUP
LOAD C:/ST/STM32CubeIDE_1.17.0/STM32CubeIDE/plugins/com.st.stm32cube.ide.mcu.externaltools.gnu-tools-for-stm32.12.3.rel1.win32_1.1.0.202410251130/tools/bin/../lib/gcc/arm-none-eabi/12.3.1/thumb/v7e-m/nofp/crtend.o
LOAD C:/ST/STM32CubeIDE_1.17.0/STM32CubeIDE/plugins/com.st.stm32cube.ide.mcu.externaltools.gnu-tools-for-stm32.12.3.rel1.win32_1.1.0.202410251130/tools/bin/../lib/gcc/arm-none-eabi/12.3.1/thumb/v7e-m/nofp/crtn.o
                0x20010000                        _estack = (ORIGIN (RAM) + LENGTH (RAM))
                0x00000200                        _Min_Heap_Size = 0x200
                0x00000400                        _Min_Stack_Size = 0x400

.isr_vector     0x08000000      0x194
                0x08000000                        . = ALIGN (0x4)
 *(.isr_vector)
 .isr_vector    0x08000000      0x194 ./Startup/startup_stm32l432kcux.o
                0x08000000                g_pfnVectors
                0x08000194                        . = ALIGN (0x4)

.text           0x08000194      0x6b8
                0x08000194                        . = ALIGN (0x4)
 *(.text)
 .text          0x08000194       0x40 C:/ST/STM32CubeIDE_1.17.0/STM32CubeIDE/plugins/com.st.stm32cube.ide.mcu.externaltools.gnu-tools-for-stm32.12.3.rel1.win32_1.1.0.202410251130/tools/bin/../lib/gcc/arm-none-eabi/12.3.1/thumb/v7e-m/nofp/crtbegin.o
 *(.text*)
 .text.main     0x080001d4       0x88 ./Src/004button_trigger.o
                0x080001d4                main
 .text.EXTI4_IRQHandler
                0x0800025c       0x1c ./Src/004button_trigger.o
                0x0800025c                EXTI4_IRQHandler
 .text.Reset_Handler
                0x08000278       0x50 ./Startup/startup_stm32l432kcux.o
                0x08000278                Reset_Handler
 .text.Default_Handler
                0x080002c8        0x2 ./Startup/startup_stm32l432kcux.o
                0x080002c8                EXTI2_IRQHandler
                0x080002c8                DebugMon_Handler
                0x080002c8                DMA1_CH4_IRQHandler
                0x080002c8                TIM1_CC_IRQHandler
                0x080002c8                TSC_IRQHandler
                0x080002c8                HardFault_Handler
                0x080002c8                SysTick_Handler
                0x080002c8                PendSV_Handler
                0x080002c8                NMI_Handler
                0x080002c8                EXTI3_IRQHandler
                0x080002c8                LPTIM2_IRQHandler
                0x080002c8                DFSDM1_FLT1_IRQHandler
                0x080002c8                USB_FS_IRQHandler
                0x080002c8                I2C3_ER_IRQHandler
                0x080002c8                DFSDM1_FLT2_IRQHandler
                0x080002c8                TIM6_DACUNDER_IRQHandler
                0x080002c8                EXTI0_IRQHandler
                0x080002c8                I2C2_EV_IRQHandler
                0x080002c8                DMA2_CH1_IRQHandler
                0x080002c8                CAN1_RX0_IRQHandler
                0x080002c8                TIM1_UP_TIM16_IRQHandler
                0x080002c8                DMA2_CH7_IRQHandler
                0x080002c8                UsageFault_Handler
                0x080002c8                SPI1_IRQHandler
                0x080002c8                DMA1_CH7_IRQHandler
                0x080002c8                RTC_ALARM_IRQHandler
                0x080002c8                ADC1_IRQHandler
                0x080002c8                DFSDM1_FLT3_IRQHandler
                0x080002c8                DMA1_CH6_IRQHandler
                0x080002c8                USART3_IRQHandler
                0x080002c8                CAN1_RX1_IRQHandler
                0x080002c8                LCD_IRQHandler
                0x080002c8                ADC3_IRQHandler
                0x080002c8                QUADSPI_IRQHandler
                0x080002c8                I2C1_EV_IRQHandler
                0x080002c8                DMA2_CH5_IRQHandler
                0x080002c8                UART4_IRQHandler
                0x080002c8                DMA1_CH3_IRQHandler
                0x080002c8                TIM3_IRQHandler
                0x080002c8                RCC_IRQHandler
                0x080002c8                TIM1_TRG_COM_IRQHandler
                0x080002c8                Default_Handler
                0x080002c8                EXTI15_10_IRQHandler
                0x080002c8                TIM7_IRQHandler
                0x080002c8                SDMMC1_IRQHandler
                0x080002c8                I2C3_EV_IRQHandler
                0x080002c8                EXTI9_5_IRQHandler
                0x080002c8                DMA1_CH2_IRQHandler
                0x080002c8                RTC_WKUP_IRQHandler
                0x080002c8                PVD_PVM_IRQHandler
                0x080002c8                SPI2_IRQHandler
                0x080002c8                DMA1_CH1_IRQHandler
                0x080002c8                MemManage_Handler
                0x080002c8                CAN1_TX_IRQHandler
                0x080002c8                SVC_Handler
                0x080002c8                CRS_IRQHandler
                0x080002c8                RNG_IRQHandler
                0x080002c8                COMP_IRQHandler
                0x080002c8                WWDG_IRQHandler
                0x080002c8                I2C4_EV_IRQHandler
                0x080002c8                LPUART1_IRQHandler
                0x080002c8                TIM2_IRQHandler
                0x080002c8                EXTI1_IRQHandler
                0x080002c8                AES_IRQHandler
                0x080002c8                USART2_IRQHandler
                0x080002c8                DFSDM1_FLT0_IRQHandler
                0x080002c8                I2C2_ER_IRQHandler
                0x080002c8                CAN1_SCE_IRQHandler
                0x080002c8                FLASH_IRQHandler
                0x080002c8                BusFault_Handler
                0x080002c8                USART1_IRQHandler
                0x080002c8                SPI3_IRQHandler
                0x080002c8                DMA2_CH6_IRQHandler
                0x080002c8                DMA2_CH3_IRQHandler
                0x080002c8                DMA2_CH2_IRQHandler
                0x080002c8                I2C1_ER_IRQHandler
                0x080002c8                DMA1_CH5_IRQHandler
                0x080002c8                DMA2_CH4_IRQHandler
                0x080002c8                SWPMI1_IRQHandler
                0x080002c8                LPTIM1_IRQHandler
                0x080002c8                I2C4_ER_IRQHandler
                0x080002c8                RTC_TAMP_STAMP_IRQHandler
                0x080002c8                SAI1_IRQHandler
                0x080002c8                TIM1_BRK_TIM15_IRQHandler
 *fill*         0x080002ca        0x2 
 .text.GPIO_PeriClockControl
                0x080002cc       0xc8 ./drivers/Src/nucleo-l432kc_gpio_driver.o
                0x080002cc                GPIO_PeriClockControl
 .text.GPIO_Init
                0x08000394      0x2bc ./drivers/Src/nucleo-l432kc_gpio_driver.o
                0x08000394                GPIO_Init
 .text.GPIO_WriteToOutputPin
                0x08000650       0x48 ./drivers/Src/nucleo-l432kc_gpio_driver.o
                0x08000650                GPIO_WriteToOutputPin
 .text.GPIO_ToggleOutputPin
                0x08000698       0x28 ./drivers/Src/nucleo-l432kc_gpio_driver.o
                0x08000698                GPIO_ToggleOutputPin
 .text.GPIO_IRQInterruptConfig
                0x080006c0       0x8c ./drivers/Src/nucleo-l432kc_gpio_driver.o
                0x080006c0                GPIO_IRQInterruptConfig
 .text.GPIO_IRQPriorityConfig
                0x0800074c       0x50 ./drivers/Src/nucleo-l432kc_gpio_driver.o
                0x0800074c                GPIO_IRQPriorityConfig
 .text.GPIO_IRQHandling
                0x0800079c       0x40 ./drivers/Src/nucleo-l432kc_gpio_driver.o
                0x0800079c                GPIO_IRQHandling
 .text.memset   0x080007dc       0x10 C:/ST/STM32CubeIDE_1.17.0/STM32CubeIDE/plugins/com.st.stm32cube.ide.mcu.externaltools.gnu-tools-for-stm32.12.3.rel1.win32_1.1.0.202410251130/tools/bin/../lib/gcc/arm-none-eabi/12.3.1/../../../../arm-none-eabi/lib/thumb/v7e-m/nofp\libc_nano.a(libc_a-memset.o)
                0x080007dc                memset
 .text.__libc_init_array
                0x080007ec       0x48 C:/ST/STM32CubeIDE_1.17.0/STM32CubeIDE/plugins/com.st.stm32cube.ide.mcu.externaltools.gnu-tools-for-stm32.12.3.rel1.win32_1.1.0.202410251130/tools/bin/../lib/gcc/arm-none-eabi/12.3.1/../../../../arm-none-eabi/lib/thumb/v7e-m/nofp\libc_nano.a(libc_a-init.o)
                0x080007ec                __libc_init_array
 *(.glue_7)
 .glue_7        0x08000834        0x0 linker stubs
 *(.glue_7t)
 .glue_7t       0x08000834        0x0 linker stubs
 *(.eh_frame)
 .eh_frame      0x08000834        0x0 C:/ST/STM32CubeIDE_1.17.0/STM32CubeIDE/plugins/com.st.stm32cube.ide.mcu.externaltools.gnu-tools-for-stm32.12.3.rel1.win32_1.1.0.202410251130/tools/bin/../lib/gcc/arm-none-eabi/12.3.1/thumb/v7e-m/nofp/crtbegin.o
 *(.init)
 .init          0x08000834        0x4 C:/ST/STM32CubeIDE_1.17.0/STM32CubeIDE/plugins/com.st.stm32cube.ide.mcu.externaltools.gnu-tools-for-stm32.12.3.rel1.win32_1.1.0.202410251130/tools/bin/../lib/gcc/arm-none-eabi/12.3.1/thumb/v7e-m/nofp/crti.o
                0x08000834                _init
 .init          0x08000838        0x8 C:/ST/STM32CubeIDE_1.17.0/STM32CubeIDE/plugins/com.st.stm32cube.ide.mcu.externaltools.gnu-tools-for-stm32.12.3.rel1.win32_1.1.0.202410251130/tools/bin/../lib/gcc/arm-none-eabi/12.3.1/thumb/v7e-m/nofp/crtn.o
 *(.fini)
 .fini          0x08000840        0x4 C:/ST/STM32CubeIDE_1.17.0/STM32CubeIDE/plugins/com.st.stm32cube.ide.mcu.externaltools.gnu-tools-for-stm32.12.3.rel1.win32_1.1.0.202410251130/tools/bin/../lib/gcc/arm-none-eabi/12.3.1/thumb/v7e-m/nofp/crti.o
                0x08000840                _fini
 .fini          0x08000844        0x8 C:/ST/STM32CubeIDE_1.17.0/STM32CubeIDE/plugins/com.st.stm32cube.ide.mcu.externaltools.gnu-tools-for-stm32.12.3.rel1.win32_1.1.0.202410251130/tools/bin/../lib/gcc/arm-none-eabi/12.3.1/thumb/v7e-m/nofp/crtn.o
                0x0800084c                        . = ALIGN (0x4)
                0x0800084c                        _etext = .

.vfp11_veneer   0x0800084c        0x0
 .vfp11_veneer  0x0800084c        0x0 linker stubs

.v4_bx          0x0800084c        0x0
 .v4_bx         0x0800084c        0x0 linker stubs

.iplt           0x0800084c        0x0
 .iplt          0x0800084c        0x0 C:/ST/STM32CubeIDE_1.17.0/STM32CubeIDE/plugins/com.st.stm32cube.ide.mcu.externaltools.gnu-tools-for-stm32.12.3.rel1.win32_1.1.0.202410251130/tools/bin/../lib/gcc/arm-none-eabi/12.3.1/thumb/v7e-m/nofp/crtbegin.o

.rodata         0x0800084c        0x0
                0x0800084c                        . = ALIGN (0x4)
 *(.rodata)
 *(.rodata*)
                0x0800084c                        . = ALIGN (0x4)

.ARM.extab      0x0800084c        0x0
                0x0800084c                        . = ALIGN (0x4)
 *(.ARM.extab* .gnu.linkonce.armextab.*)
                0x0800084c                        . = ALIGN (0x4)

.ARM            0x0800084c        0x0
                0x0800084c                        . = ALIGN (0x4)
                0x0800084c                        __exidx_start = .
 *(.ARM.exidx*)
                0x0800084c                        __exidx_end = .
                0x0800084c                        . = ALIGN (0x4)

.preinit_array  0x0800084c        0x0
                0x0800084c                        . = ALIGN (0x4)
                0x0800084c                        PROVIDE (__preinit_array_start = .)
 *(.preinit_array*)
                0x0800084c                        PROVIDE (__preinit_array_end = .)
                0x0800084c                        . = ALIGN (0x4)

.init_array     0x0800084c        0x4
                0x0800084c                        . = ALIGN (0x4)
                0x0800084c                        PROVIDE (__init_array_start = .)
 *(SORT_BY_NAME(.init_array.*))
 *(.init_array*)
 .init_array    0x0800084c        0x4 C:/ST/STM32CubeIDE_1.17.0/STM32CubeIDE/plugins/com.st.stm32cube.ide.mcu.externaltools.gnu-tools-for-stm32.12.3.rel1.win32_1.1.0.202410251130/tools/bin/../lib/gcc/arm-none-eabi/12.3.1/thumb/v7e-m/nofp/crtbegin.o
                0x08000850                        PROVIDE (__init_array_end = .)
                0x08000850                        . = ALIGN (0x4)

.fini_array     0x08000850        0x4
                0x08000850                        . = ALIGN (0x4)
                [!provide]                        PROVIDE (__fini_array_start = .)
 *(SORT_BY_NAME(.fini_array.*))
 *(.fini_array*)
 .fini_array    0x08000850        0x4 C:/ST/STM32CubeIDE_1.17.0/STM32CubeIDE/plugins/com.st.stm32cube.ide.mcu.externaltools.gnu-tools-for-stm32.12.3.rel1.win32_1.1.0.202410251130/tools/bin/../lib/gcc/arm-none-eabi/12.3.1/thumb/v7e-m/nofp/crtbegin.o
                [!provide]                        PROVIDE (__fini_array_end = .)
                0x08000854                        . = ALIGN (0x4)
                0x08000854                        _sidata = LOADADDR (.data)

.rel.dyn        0x08000854        0x0
 .rel.iplt      0x08000854        0x0 C:/ST/STM32CubeIDE_1.17.0/STM32CubeIDE/plugins/com.st.stm32cube.ide.mcu.externaltools.gnu-tools-for-stm32.12.3.rel1.win32_1.1.0.202410251130/tools/bin/../lib/gcc/arm-none-eabi/12.3.1/thumb/v7e-m/nofp/crtbegin.o

.data           0x20000000        0x0 load address 0x08000854
                0x20000000                        . = ALIGN (0x4)
                0x20000000                        _sdata = .
 *(.data)
 *(.data*)
 *(.RamFunc)
 *(.RamFunc*)
                0x20000000                        . = ALIGN (0x4)
                0x20000000                        _edata = .
                0x08000854                        _sisram2 = LOADADDR (.sram2)

.igot.plt       0x20000000        0x0 load address 0x08000854
 .igot.plt      0x20000000        0x0 C:/ST/STM32CubeIDE_1.17.0/STM32CubeIDE/plugins/com.st.stm32cube.ide.mcu.externaltools.gnu-tools-for-stm32.12.3.rel1.win32_1.1.0.202410251130/tools/bin/../lib/gcc/arm-none-eabi/12.3.1/thumb/v7e-m/nofp/crtbegin.o

.sram2          0x10000000        0x0 load address 0x08000854
                0x10000000                        . = ALIGN (0x4)
                0x10000000                        _ssram2 = .
 *(.sram2)
 *(.sram2*)
                0x10000000                        . = ALIGN (0x4)
                0x10000000                        _esram2 = .
                0x10000000                        . = ALIGN (0x4)

.bss            0x20000000       0x1c
                0x20000000                        _sbss = .
                0x20000000                        __bss_start__ = _sbss
 *(.bss)
 .bss           0x20000000       0x1c C:/ST/STM32CubeIDE_1.17.0/STM32CubeIDE/plugins/com.st.stm32cube.ide.mcu.externaltools.gnu-tools-for-stm32.12.3.rel1.win32_1.1.0.202410251130/tools/bin/../lib/gcc/arm-none-eabi/12.3.1/thumb/v7e-m/nofp/crtbegin.o
 *(.bss*)
 *(COMMON)
                0x2000001c                        . = ALIGN (0x4)
                0x2000001c                        _ebss = .
                0x2000001c                        __bss_end__ = _ebss

._user_heap_stack
                0x2000001c      0x604
                0x20000020                        . = ALIGN (0x8)
 *fill*         0x2000001c        0x4 
                [!provide]                        PROVIDE (end = .)
                0x20000020                        PROVIDE (_end = .)
                0x20000220                        . = (. + _Min_Heap_Size)
 *fill*         0x20000020      0x200 
                0x20000620                        . = (. + _Min_Stack_Size)
 *fill*         0x20000220      0x400 
                0x20000620                        . = ALIGN (0x8)

/DISCARD/
 libc.a(*)
 libm.a(*)
 libgcc.a(*)

.ARM.attributes
                0x00000000       0x2a
 *(.ARM.attributes)
 .ARM.attributes
                0x00000000       0x1e C:/ST/STM32CubeIDE_1.17.0/STM32CubeIDE/plugins/com.st.stm32cube.ide.mcu.externaltools.gnu-tools-for-stm32.12.3.rel1.win32_1.1.0.202410251130/tools/bin/../lib/gcc/arm-none-eabi/12.3.1/thumb/v7e-m/nofp/crti.o
 .ARM.attributes
                0x0000001e       0x2e C:/ST/STM32CubeIDE_1.17.0/STM32CubeIDE/plugins/com.st.stm32cube.ide.mcu.externaltools.gnu-tools-for-stm32.12.3.rel1.win32_1.1.0.202410251130/tools/bin/../lib/gcc/arm-none-eabi/12.3.1/thumb/v7e-m/nofp/crtbegin.o
 .ARM.attributes
                0x0000004c       0x2e ./Src/004button_trigger.o
 .ARM.attributes
                0x0000007a       0x21 ./Startup/startup_stm32l432kcux.o
 .ARM.attributes
                0x0000009b       0x2e ./drivers/Src/nucleo-l432kc_gpio_driver.o
 .ARM.attributes
                0x000000c9       0x2e C:/ST/STM32CubeIDE_1.17.0/STM32CubeIDE/plugins/com.st.stm32cube.ide.mcu.externaltools.gnu-tools-for-stm32.12.3.rel1.win32_1.1.0.202410251130/tools/bin/../lib/gcc/arm-none-eabi/12.3.1/../../../../arm-none-eabi/lib/thumb/v7e-m/nofp\libc_nano.a(libc_a-memset.o)
 .ARM.attributes
                0x000000f7       0x2e C:/ST/STM32CubeIDE_1.17.0/STM32CubeIDE/plugins/com.st.stm32cube.ide.mcu.externaltools.gnu-tools-for-stm32.12.3.rel1.win32_1.1.0.202410251130/tools/bin/../lib/gcc/arm-none-eabi/12.3.1/../../../../arm-none-eabi/lib/thumb/v7e-m/nofp\libc_nano.a(libc_a-init.o)
 .ARM.attributes
                0x00000125       0x1e C:/ST/STM32CubeIDE_1.17.0/STM32CubeIDE/plugins/com.st.stm32cube.ide.mcu.externaltools.gnu-tools-for-stm32.12.3.rel1.win32_1.1.0.202410251130/tools/bin/../lib/gcc/arm-none-eabi/12.3.1/thumb/v7e-m/nofp/crtn.o
OUTPUT(nucleo-l432kc_drivers.elf elf32-littlearm)
LOAD linker stubs
LOAD C:/ST/STM32CubeIDE_1.17.0/STM32CubeIDE/plugins/com.st.stm32cube.ide.mcu.externaltools.gnu-tools-for-stm32.12.3.rel1.win32_1.1.0.202410251130/tools/bin/../lib/gcc/arm-none-eabi/12.3.1/../../../../arm-none-eabi/lib/thumb/v7e-m/nofp\libc.a
LOAD C:/ST/STM32CubeIDE_1.17.0/STM32CubeIDE/plugins/com.st.stm32cube.ide.mcu.externaltools.gnu-tools-for-stm32.12.3.rel1.win32_1.1.0.202410251130/tools/bin/../lib/gcc/arm-none-eabi/12.3.1/../../../../arm-none-eabi/lib/thumb/v7e-m/nofp\libm.a
LOAD C:/ST/STM32CubeIDE_1.17.0/STM32CubeIDE/plugins/com.st.stm32cube.ide.mcu.externaltools.gnu-tools-for-stm32.12.3.rel1.win32_1.1.0.202410251130/tools/bin/../lib/gcc/arm-none-eabi/12.3.1/thumb/v7e-m/nofp\libgcc.a

.debug_info     0x00000000      0xbab
 .debug_info    0x00000000      0x312 ./Src/004button_trigger.o
 .debug_info    0x00000312       0x30 ./Startup/startup_stm32l432kcux.o
 .debug_info    0x00000342      0x869 ./drivers/Src/nucleo-l432kc_gpio_driver.o

.debug_abbrev   0x00000000      0x2cc
 .debug_abbrev  0x00000000      0x115 ./Src/004button_trigger.o
 .debug_abbrev  0x00000115       0x24 ./Startup/startup_stm32l432kcux.o
 .debug_abbrev  0x00000139      0x193 ./drivers/Src/nucleo-l432kc_gpio_driver.o

.debug_aranges  0x00000000       0xc0
 .debug_aranges
                0x00000000       0x28 ./Src/004button_trigger.o
 .debug_aranges
                0x00000028       0x28 ./Startup/startup_stm32l432kcux.o
 .debug_aranges
                0x00000050       0x70 ./drivers/Src/nucleo-l432kc_gpio_driver.o

.debug_rnglists
                0x00000000       0x86
 .debug_rnglists
                0x00000000       0x1a ./Src/004button_trigger.o
 .debug_rnglists
                0x0000001a       0x19 ./Startup/startup_stm32l432kcux.o
 .debug_rnglists
                0x00000033       0x53 ./drivers/Src/nucleo-l432kc_gpio_driver.o

.debug_macro    0x00000000     0x20c9
 .debug_macro   0x00000000      0x16c ./Src/004button_trigger.o
 .debug_macro   0x0000016c      0xab4 ./Src/004button_trigger.o
 .debug_macro   0x00000c20       0x22 ./Src/004button_trigger.o
 .debug_macro   0x00000c42       0x8e ./Src/004button_trigger.o
 .debug_macro   0x00000cd0       0x51 ./Src/004button_trigger.o
 .debug_macro   0x00000d21      0x103 ./Src/004button_trigger.o
 .debug_macro   0x00000e24       0x6a ./Src/004button_trigger.o
 .debug_macro   0x00000e8e      0x1df ./Src/004button_trigger.o
 .debug_macro   0x0000106d       0x22 ./Src/004button_trigger.o
 .debug_macro   0x0000108f       0x61 ./Src/004button_trigger.o
 .debug_macro   0x000010f0       0x24 ./Src/004button_trigger.o
 .debug_macro   0x00001114       0x43 ./Src/004button_trigger.o
 .debug_macro   0x00001157       0x34 ./Src/004button_trigger.o
 .debug_macro   0x0000118b      0x189 ./Src/004button_trigger.o
 .debug_macro   0x00001314       0x16 ./Src/004button_trigger.o
 .debug_macro   0x0000132a       0x43 ./Src/004button_trigger.o
 .debug_macro   0x0000136d       0x34 ./Src/004button_trigger.o
 .debug_macro   0x000013a1       0x10 ./Src/004button_trigger.o
 .debug_macro   0x000013b1       0x58 ./Src/004button_trigger.o
 .debug_macro   0x00001409       0x8e ./Src/004button_trigger.o
 .debug_macro   0x00001497       0x1c ./Src/004button_trigger.o
 .debug_macro   0x000014b3      0x177 ./Src/004button_trigger.o
 .debug_macro   0x0000162a      0x369 ./Src/004button_trigger.o
 .debug_macro   0x00001993       0x10 ./Src/004button_trigger.o
 .debug_macro   0x000019a3       0x35 ./Src/004button_trigger.o
 .debug_macro   0x000019d8       0x20 ./Src/004button_trigger.o
 .debug_macro   0x000019f8      0x3e9 ./Src/004button_trigger.o
 .debug_macro   0x00001de1       0x58 ./Src/004button_trigger.o
 .debug_macro   0x00001e39      0x124 ./Src/004button_trigger.o
 .debug_macro   0x00001f5d      0x16c ./drivers/Src/nucleo-l432kc_gpio_driver.o

.debug_line     0x00000000     0x110b
 .debug_line    0x00000000      0x65a ./Src/004button_trigger.o
 .debug_line    0x0000065a       0x7b ./Startup/startup_stm32l432kcux.o
 .debug_line    0x000006d5      0xa36 ./drivers/Src/nucleo-l432kc_gpio_driver.o

.debug_str      0x00000000     0x8b57
 .debug_str     0x00000000     0x87d2 ./Src/004button_trigger.o
                               0x89e9 (size before relaxing)
 .debug_str     0x000087d2       0x3f ./Startup/startup_stm32l432kcux.o
                                 0x84 (size before relaxing)
 .debug_str     0x00008811      0x346 ./drivers/Src/nucleo-l432kc_gpio_driver.o
                               0x8ced (size before relaxing)

.comment        0x00000000       0x43
 .comment       0x00000000       0x43 ./Src/004button_trigger.o
                                 0x44 (size before relaxing)
 .comment       0x00000043       0x44 ./drivers/Src/nucleo-l432kc_gpio_driver.o

.debug_frame    0x00000000      0x260
 .debug_frame   0x00000000       0x4c ./Src/004button_trigger.o
 .debug_frame   0x0000004c      0x1c8 ./drivers/Src/nucleo-l432kc_gpio_driver.o
 .debug_frame   0x00000214       0x20 C:/ST/STM32CubeIDE_1.17.0/STM32CubeIDE/plugins/com.st.stm32cube.ide.mcu.externaltools.gnu-tools-for-stm32.12.3.rel1.win32_1.1.0.202410251130/tools/bin/../lib/gcc/arm-none-eabi/12.3.1/../../../../arm-none-eabi/lib/thumb/v7e-m/nofp\libc_nano.a(libc_a-memset.o)
 .debug_frame   0x00000234       0x2c C:/ST/STM32CubeIDE_1.17.0/STM32CubeIDE/plugins/com.st.stm32cube.ide.mcu.externaltools.gnu-tools-for-stm32.12.3.rel1.win32_1.1.0.202410251130/tools/bin/../lib/gcc/arm-none-eabi/12.3.1/../../../../arm-none-eabi/lib/thumb/v7e-m/nofp\libc_nano.a(libc_a-init.o)

.debug_line_str
                0x00000000       0x68
 .debug_line_str
                0x00000000       0x68 ./Startup/startup_stm32l432kcux.o
